Compiling shared library librebound.so ...
make -C ../../../rebound/src/
make[1]: Entering directory '/home/tajer.1/rebound/src'
Compiling source file rebound.c ...
cc -c -std=c99 -Wpointer-arith -D_GNU_SOURCE -O3 -fPIC -Wall -g  -Wno-unknown-pragmas -DSERVER -DGITHASH=3924dfd13a3501acddc0b24f6c06165e85bbae96 -o rebound.o rebound.c
Compiling source file tree.c ...
cc -c -std=c99 -Wpointer-arith -D_GNU_SOURCE -O3 -fPIC -Wall -g  -Wno-unknown-pragmas -DSERVER -DGITHASH=3924dfd13a3501acddc0b24f6c06165e85bbae96 -o tree.o tree.c
Compiling source file particle.c ...
cc -c -std=c99 -Wpointer-arith -D_GNU_SOURCE -O3 -fPIC -Wall -g  -Wno-unknown-pragmas -DSERVER -DGITHASH=3924dfd13a3501acddc0b24f6c06165e85bbae96 -o particle.o particle.c
Compiling source file gravity.c ...
cc -c -std=c99 -Wpointer-arith -D_GNU_SOURCE -O3 -fPIC -Wall -g  -Wno-unknown-pragmas -DSERVER -DGITHASH=3924dfd13a3501acddc0b24f6c06165e85bbae96 -o gravity.o gravity.c
Compiling source file integrator.c ...
cc -c -std=c99 -Wpointer-arith -D_GNU_SOURCE -O3 -fPIC -Wall -g  -Wno-unknown-pragmas -DSERVER -DGITHASH=3924dfd13a3501acddc0b24f6c06165e85bbae96 -o integrator.o integrator.c
Compiling source file integrator_whfast.c ...
cc -c -std=c99 -Wpointer-arith -D_GNU_SOURCE -O3 -fPIC -Wall -g  -Wno-unknown-pragmas -DSERVER -DGITHASH=3924dfd13a3501acddc0b24f6c06165e85bbae96 -o integrator_whfast.o integrator_whfast.c
Compiling source file integrator_whfast512.c ...
cc -c -std=c99 -Wpointer-arith -D_GNU_SOURCE -O3 -fPIC -Wall -g  -Wno-unknown-pragmas -DSERVER -DGITHASH=3924dfd13a3501acddc0b24f6c06165e85bbae96 -o integrator_whfast512.o integrator_whfast512.c
Compiling source file integrator_saba.c ...
cc -c -std=c99 -Wpointer-arith -D_GNU_SOURCE -O3 -fPIC -Wall -g  -Wno-unknown-pragmas -DSERVER -DGITHASH=3924dfd13a3501acddc0b24f6c06165e85bbae96 -o integrator_saba.o integrator_saba.c
Compiling source file integrator_ias15.c ...
cc -c -std=c99 -Wpointer-arith -D_GNU_SOURCE -O3 -fPIC -Wall -g  -Wno-unknown-pragmas -DSERVER -DGITHASH=3924dfd13a3501acddc0b24f6c06165e85bbae96 -o integrator_ias15.o integrator_ias15.c
Compiling source file integrator_sei.c ...
cc -c -std=c99 -Wpointer-arith -D_GNU_SOURCE -O3 -fPIC -Wall -g  -Wno-unknown-pragmas -DSERVER -DGITHASH=3924dfd13a3501acddc0b24f6c06165e85bbae96 -o integrator_sei.o integrator_sei.c
Compiling source file integrator_bs.c ...
cc -c -std=c99 -Wpointer-arith -D_GNU_SOURCE -O3 -fPIC -Wall -g  -Wno-unknown-pragmas -DSERVER -DGITHASH=3924dfd13a3501acddc0b24f6c06165e85bbae96 -o integrator_bs.o integrator_bs.c
Compiling source file integrator_leapfrog.c ...
cc -c -std=c99 -Wpointer-arith -D_GNU_SOURCE -O3 -fPIC -Wall -g  -Wno-unknown-pragmas -DSERVER -DGITHASH=3924dfd13a3501acddc0b24f6c06165e85bbae96 -o integrator_leapfrog.o integrator_leapfrog.c
Compiling source file integrator_mercurius.c ...
cc -c -std=c99 -Wpointer-arith -D_GNU_SOURCE -O3 -fPIC -Wall -g  -Wno-unknown-pragmas -DSERVER -DGITHASH=3924dfd13a3501acddc0b24f6c06165e85bbae96 -o integrator_mercurius.o integrator_mercurius.c
Compiling source file integrator_trace.c ...
cc -c -std=c99 -Wpointer-arith -D_GNU_SOURCE -O3 -fPIC -Wall -g  -Wno-unknown-pragmas -DSERVER -DGITHASH=3924dfd13a3501acddc0b24f6c06165e85bbae96 -o integrator_trace.o integrator_trace.c
Compiling source file integrator_eos.c ...
cc -c -std=c99 -Wpointer-arith -D_GNU_SOURCE -O3 -fPIC -Wall -g  -Wno-unknown-pragmas -DSERVER -DGITHASH=3924dfd13a3501acddc0b24f6c06165e85bbae96 -o integrator_eos.o integrator_eos.c
Compiling source file boundary.c ...
cc -c -std=c99 -Wpointer-arith -D_GNU_SOURCE -O3 -fPIC -Wall -g  -Wno-unknown-pragmas -DSERVER -DGITHASH=3924dfd13a3501acddc0b24f6c06165e85bbae96 -o boundary.o boundary.c
Compiling source file input.c ...
cc -c -std=c99 -Wpointer-arith -D_GNU_SOURCE -O3 -fPIC -Wall -g  -Wno-unknown-pragmas -DSERVER -DGITHASH=3924dfd13a3501acddc0b24f6c06165e85bbae96 -o input.o input.c
Compiling source file binarydiff.c ...
cc -c -std=c99 -Wpointer-arith -D_GNU_SOURCE -O3 -fPIC -Wall -g  -Wno-unknown-pragmas -DSERVER -DGITHASH=3924dfd13a3501acddc0b24f6c06165e85bbae96 -o binarydiff.o binarydiff.c
Compiling source file output.c ...
cc -c -std=c99 -Wpointer-arith -D_GNU_SOURCE -O3 -fPIC -Wall -g  -Wno-unknown-pragmas -DSERVER -DGITHASH=3924dfd13a3501acddc0b24f6c06165e85bbae96 -o output.o output.c
Compiling source file collision.c ...
cc -c -std=c99 -Wpointer-arith -D_GNU_SOURCE -O3 -fPIC -Wall -g  -Wno-unknown-pragmas -DSERVER -DGITHASH=3924dfd13a3501acddc0b24f6c06165e85bbae96 -o collision.o collision.c
Compiling source file communication_mpi.c ...
cc -c -std=c99 -Wpointer-arith -D_GNU_SOURCE -O3 -fPIC -Wall -g  -Wno-unknown-pragmas -DSERVER -DGITHASH=3924dfd13a3501acddc0b24f6c06165e85bbae96 -o communication_mpi.o communication_mpi.c
Compiling source file display.c ...
cc -c -std=c99 -Wpointer-arith -D_GNU_SOURCE -O3 -fPIC -Wall -g  -Wno-unknown-pragmas -DSERVER -DGITHASH=3924dfd13a3501acddc0b24f6c06165e85bbae96 -o display.o display.c
Compiling source file tools.c ...
cc -c -std=c99 -Wpointer-arith -D_GNU_SOURCE -O3 -fPIC -Wall -g  -Wno-unknown-pragmas -DSERVER -DGITHASH=3924dfd13a3501acddc0b24f6c06165e85bbae96 -o tools.o tools.c
Compiling source file rotations.c ...
cc -c -std=c99 -Wpointer-arith -D_GNU_SOURCE -O3 -fPIC -Wall -g  -Wno-unknown-pragmas -DSERVER -DGITHASH=3924dfd13a3501acddc0b24f6c06165e85bbae96 -o rotations.o rotations.c
Compiling source file derivatives.c ...
cc -c -std=c99 -Wpointer-arith -D_GNU_SOURCE -O3 -fPIC -Wall -g  -Wno-unknown-pragmas -DSERVER -DGITHASH=3924dfd13a3501acddc0b24f6c06165e85bbae96 -o derivatives.o derivatives.c
Compiling source file simulationarchive.c ...
cc -c -std=c99 -Wpointer-arith -D_GNU_SOURCE -O3 -fPIC -Wall -g  -Wno-unknown-pragmas -DSERVER -DGITHASH=3924dfd13a3501acddc0b24f6c06165e85bbae96 -o simulationarchive.o simulationarchive.c
Compiling source file glad.c ...
cc -c -std=c99 -Wpointer-arith -D_GNU_SOURCE -O3 -fPIC -Wall -g  -Wno-unknown-pragmas -DSERVER -DGITHASH=3924dfd13a3501acddc0b24f6c06165e85bbae96 -o glad.o glad.c
Compiling source file integrator_janus.c ...
cc -c -std=c99 -Wpointer-arith -D_GNU_SOURCE -O3 -fPIC -Wall -g  -Wno-unknown-pragmas -DSERVER -DGITHASH=3924dfd13a3501acddc0b24f6c06165e85bbae96 -o integrator_janus.o integrator_janus.c
Compiling source file transformations.c ...
cc -c -std=c99 -Wpointer-arith -D_GNU_SOURCE -O3 -fPIC -Wall -g  -Wno-unknown-pragmas -DSERVER -DGITHASH=3924dfd13a3501acddc0b24f6c06165e85bbae96 -o transformations.o transformations.c
Compiling source file fmemopen.c ...
cc -c -std=c99 -Wpointer-arith -D_GNU_SOURCE -O3 -fPIC -Wall -g  -Wno-unknown-pragmas -DSERVER -DGITHASH=3924dfd13a3501acddc0b24f6c06165e85bbae96 -o fmemopen.o fmemopen.c
Compiling source file server.c ...
cc -c -std=c99 -Wpointer-arith -D_GNU_SOURCE -O3 -fPIC -Wall -g  -Wno-unknown-pragmas -DSERVER -DGITHASH=3924dfd13a3501acddc0b24f6c06165e85bbae96 -o server.o server.c

Linking shared library librebound.so ...
cc -std=c99 -Wpointer-arith -D_GNU_SOURCE -O3 -fPIC -Wall -g  -Wno-unknown-pragmas -shared rebound.o tree.o particle.o gravity.o integrator.o integrator_whfast.o integrator_whfast512.o integrator_saba.o integrator_ias15.o integrator_sei.o integrator_bs.o integrator_leapfrog.o integrator_mercurius.o integrator_trace.o integrator_eos.o boundary.o input.o binarydiff.o output.o collision.o communication_mpi.o display.o tools.o rotations.o derivatives.o simulationarchive.o glad.o integrator_janus.o transformations.o fmemopen.o server.o -lm -lrt -o librebound.so 

The shared library rebound.o has been created successfully.
make[1]: Leaving directory '/home/tajer.1/rebound/src'
Creating link for shared library librebound.so ...
Compiling shared library libreboundx.so ...
make -C ../..//src/
make[1]: Entering directory '/home/tajer.1/reboundx/src'
Compiling shared library librebound.so ...
make -C ../../rebound/src/
make[2]: Entering directory '/home/tajer.1/rebound/src'
make[2]: Nothing to be done for 'all'.
make[2]: Leaving directory '/home/tajer.1/rebound/src'
Creating link for shared library librebound.so ...
Compiling source file linkedlist.c ...
cc -c -std=c99 -Wpointer-arith -D_GNU_SOURCE -O3 -fPIC -Wall -g  -Wno-unknown-pragmas -fPIC -DLIBREBOUNDX -DSERVER -DGITHASH=9c501de42f69a29f6772076f3c3ec6ecd2a4cf71 -DREBXGITHASH=9c501de42f69a29f6772076f3c3ec6ecd2a4cf71 -I../../rebound/src -o linkedlist.o linkedlist.c
Compiling source file gr_full.c ...
cc -c -std=c99 -Wpointer-arith -D_GNU_SOURCE -O3 -fPIC -Wall -g  -Wno-unknown-pragmas -fPIC -DLIBREBOUNDX -DSERVER -DGITHASH=9c501de42f69a29f6772076f3c3ec6ecd2a4cf71 -DREBXGITHASH=9c501de42f69a29f6772076f3c3ec6ecd2a4cf71 -I../../rebound/src -o gr_full.o gr_full.c
Compiling source file integrator_implicit_midpoint.c ...
cc -c -std=c99 -Wpointer-arith -D_GNU_SOURCE -O3 -fPIC -Wall -g  -Wno-unknown-pragmas -fPIC -DLIBREBOUNDX -DSERVER -DGITHASH=9c501de42f69a29f6772076f3c3ec6ecd2a4cf71 -DREBXGITHASH=9c501de42f69a29f6772076f3c3ec6ecd2a4cf71 -I../../rebound/src -o integrator_implicit_midpoint.o integrator_implicit_midpoint.c
Compiling source file rebxtools.c ...
cc -c -std=c99 -Wpointer-arith -D_GNU_SOURCE -O3 -fPIC -Wall -g  -Wno-unknown-pragmas -fPIC -DLIBREBOUNDX -DSERVER -DGITHASH=9c501de42f69a29f6772076f3c3ec6ecd2a4cf71 -DREBXGITHASH=9c501de42f69a29f6772076f3c3ec6ecd2a4cf71 -I../../rebound/src -o rebxtools.o rebxtools.c
Compiling source file gravitational_harmonics.c ...
cc -c -std=c99 -Wpointer-arith -D_GNU_SOURCE -O3 -fPIC -Wall -g  -Wno-unknown-pragmas -fPIC -DLIBREBOUNDX -DSERVER -DGITHASH=9c501de42f69a29f6772076f3c3ec6ecd2a4cf71 -DREBXGITHASH=9c501de42f69a29f6772076f3c3ec6ecd2a4cf71 -I../../rebound/src -o gravitational_harmonics.o gravitational_harmonics.c
Compiling source file gas_damping_timescale.c ...
cc -c -std=c99 -Wpointer-arith -D_GNU_SOURCE -O3 -fPIC -Wall -g  -Wno-unknown-pragmas -fPIC -DLIBREBOUNDX -DSERVER -DGITHASH=9c501de42f69a29f6772076f3c3ec6ecd2a4cf71 -DREBXGITHASH=9c501de42f69a29f6772076f3c3ec6ecd2a4cf71 -I../../rebound/src -o gas_damping_timescale.o gas_damping_timescale.c
Compiling source file interpolation.c ...
cc -c -std=c99 -Wpointer-arith -D_GNU_SOURCE -O3 -fPIC -Wall -g  -Wno-unknown-pragmas -fPIC -DLIBREBOUNDX -DSERVER -DGITHASH=9c501de42f69a29f6772076f3c3ec6ecd2a4cf71 -DREBXGITHASH=9c501de42f69a29f6772076f3c3ec6ecd2a4cf71 -I../../rebound/src -o interpolation.o interpolation.c
Compiling source file stochastic_forces.c ...
cc -c -std=c99 -Wpointer-arith -D_GNU_SOURCE -O3 -fPIC -Wall -g  -Wno-unknown-pragmas -fPIC -DLIBREBOUNDX -DSERVER -DGITHASH=9c501de42f69a29f6772076f3c3ec6ecd2a4cf71 -DREBXGITHASH=9c501de42f69a29f6772076f3c3ec6ecd2a4cf71 -I../../rebound/src -o stochastic_forces.o stochastic_forces.c
Compiling source file yarkovsky_effect.c ...
cc -c -std=c99 -Wpointer-arith -D_GNU_SOURCE -O3 -fPIC -Wall -g  -Wno-unknown-pragmas -fPIC -DLIBREBOUNDX -DSERVER -DGITHASH=9c501de42f69a29f6772076f3c3ec6ecd2a4cf71 -DREBXGITHASH=9c501de42f69a29f6772076f3c3ec6ecd2a4cf71 -I../../rebound/src -o yarkovsky_effect.o yarkovsky_effect.c
yarkovsky_effect.c: In function ‘rebx_calculate_yarkovsky_effect.isra.0’:
yarkovsky_effect.c:205:60: warning: ‘yarkovsky_magnitude’ may be used uninitialized in this function [-Wmaybe-uninitialized]
         yarkovsky_acceleration[i][0] = (yarkovsky_magnitude*direction_matrix[i][0]);
                                        ~~~~~~~~~~~~~~~~~~~~^~~~~~~~~~~~~~~~~~~~~~~~
Compiling source file integrator_euler.c ...
cc -c -std=c99 -Wpointer-arith -D_GNU_SOURCE -O3 -fPIC -Wall -g  -Wno-unknown-pragmas -fPIC -DLIBREBOUNDX -DSERVER -DGITHASH=9c501de42f69a29f6772076f3c3ec6ecd2a4cf71 -DREBXGITHASH=9c501de42f69a29f6772076f3c3ec6ecd2a4cf71 -I../../rebound/src -o integrator_euler.o integrator_euler.c
Compiling source file integrate_force.c ...
cc -c -std=c99 -Wpointer-arith -D_GNU_SOURCE -O3 -fPIC -Wall -g  -Wno-unknown-pragmas -fPIC -DLIBREBOUNDX -DSERVER -DGITHASH=9c501de42f69a29f6772076f3c3ec6ecd2a4cf71 -DREBXGITHASH=9c501de42f69a29f6772076f3c3ec6ecd2a4cf71 -I../../rebound/src -o integrate_force.o integrate_force.c
Compiling source file type_I_migration.c ...
cc -c -std=c99 -Wpointer-arith -D_GNU_SOURCE -O3 -fPIC -Wall -g  -Wno-unknown-pragmas -fPIC -DLIBREBOUNDX -DSERVER -DGITHASH=9c501de42f69a29f6772076f3c3ec6ecd2a4cf71 -DREBXGITHASH=9c501de42f69a29f6772076f3c3ec6ecd2a4cf71 -I../../rebound/src -o type_I_migration.o type_I_migration.c
Compiling source file integrator_rk4.c ...
cc -c -std=c99 -Wpointer-arith -D_GNU_SOURCE -O3 -fPIC -Wall -g  -Wno-unknown-pragmas -fPIC -DLIBREBOUNDX -DSERVER -DGITHASH=9c501de42f69a29f6772076f3c3ec6ecd2a4cf71 -DREBXGITHASH=9c501de42f69a29f6772076f3c3ec6ecd2a4cf71 -I../../rebound/src -o integrator_rk4.o integrator_rk4.c
Compiling source file modify_orbits_forces.c ...
cc -c -std=c99 -Wpointer-arith -D_GNU_SOURCE -O3 -fPIC -Wall -g  -Wno-unknown-pragmas -fPIC -DLIBREBOUNDX -DSERVER -DGITHASH=9c501de42f69a29f6772076f3c3ec6ecd2a4cf71 -DREBXGITHASH=9c501de42f69a29f6772076f3c3ec6ecd2a4cf71 -I../../rebound/src -o modify_orbits_forces.o modify_orbits_forces.c
Compiling source file track_min_distance.c ...
cc -c -std=c99 -Wpointer-arith -D_GNU_SOURCE -O3 -fPIC -Wall -g  -Wno-unknown-pragmas -fPIC -DLIBREBOUNDX -DSERVER -DGITHASH=9c501de42f69a29f6772076f3c3ec6ecd2a4cf71 -DREBXGITHASH=9c501de42f69a29f6772076f3c3ec6ecd2a4cf71 -I../../rebound/src -o track_min_distance.o track_min_distance.c
Compiling source file integrator_rk2.c ...
cc -c -std=c99 -Wpointer-arith -D_GNU_SOURCE -O3 -fPIC -Wall -g  -Wno-unknown-pragmas -fPIC -DLIBREBOUNDX -DSERVER -DGITHASH=9c501de42f69a29f6772076f3c3ec6ecd2a4cf71 -DREBXGITHASH=9c501de42f69a29f6772076f3c3ec6ecd2a4cf71 -I../../rebound/src -o integrator_rk2.o integrator_rk2.c
Compiling source file tides_spin.c ...
cc -c -std=c99 -Wpointer-arith -D_GNU_SOURCE -O3 -fPIC -Wall -g  -Wno-unknown-pragmas -fPIC -DLIBREBOUNDX -DSERVER -DGITHASH=9c501de42f69a29f6772076f3c3ec6ecd2a4cf71 -DREBXGITHASH=9c501de42f69a29f6772076f3c3ec6ecd2a4cf71 -I../../rebound/src -o tides_spin.o tides_spin.c
Compiling source file exponential_migration.c ...
cc -c -std=c99 -Wpointer-arith -D_GNU_SOURCE -O3 -fPIC -Wall -g  -Wno-unknown-pragmas -fPIC -DLIBREBOUNDX -DSERVER -DGITHASH=9c501de42f69a29f6772076f3c3ec6ecd2a4cf71 -DREBXGITHASH=9c501de42f69a29f6772076f3c3ec6ecd2a4cf71 -I../../rebound/src -o exponential_migration.o exponential_migration.c
Compiling source file output.c ...
cc -c -std=c99 -Wpointer-arith -D_GNU_SOURCE -O3 -fPIC -Wall -g  -Wno-unknown-pragmas -fPIC -DLIBREBOUNDX -DSERVER -DGITHASH=9c501de42f69a29f6772076f3c3ec6ecd2a4cf71 -DREBXGITHASH=9c501de42f69a29f6772076f3c3ec6ecd2a4cf71 -I../../rebound/src -o output.o output.c
Compiling source file inner_disk_edge.c ...
cc -c -std=c99 -Wpointer-arith -D_GNU_SOURCE -O3 -fPIC -Wall -g  -Wno-unknown-pragmas -fPIC -DLIBREBOUNDX -DSERVER -DGITHASH=9c501de42f69a29f6772076f3c3ec6ecd2a4cf71 -DREBXGITHASH=9c501de42f69a29f6772076f3c3ec6ecd2a4cf71 -I../../rebound/src -o inner_disk_edge.o inner_disk_edge.c
Compiling source file modify_mass.c ...
cc -c -std=c99 -Wpointer-arith -D_GNU_SOURCE -O3 -fPIC -Wall -g  -Wno-unknown-pragmas -fPIC -DLIBREBOUNDX -DSERVER -DGITHASH=9c501de42f69a29f6772076f3c3ec6ecd2a4cf71 -DREBXGITHASH=9c501de42f69a29f6772076f3c3ec6ecd2a4cf71 -I../../rebound/src -o modify_mass.o modify_mass.c
Compiling source file merging_collisions.c ...
cc -c -std=c99 -Wpointer-arith -D_GNU_SOURCE -O3 -fPIC -Wall -g  -Wno-unknown-pragmas -fPIC -DLIBREBOUNDX -DSERVER -DGITHASH=9c501de42f69a29f6772076f3c3ec6ecd2a4cf71 -DREBXGITHASH=9c501de42f69a29f6772076f3c3ec6ecd2a4cf71 -I../../rebound/src -o merging_collisions.o merging_collisions.c
Compiling source file steppers.c ...
cc -c -std=c99 -Wpointer-arith -D_GNU_SOURCE -O3 -fPIC -Wall -g  -Wno-unknown-pragmas -fPIC -DLIBREBOUNDX -DSERVER -DGITHASH=9c501de42f69a29f6772076f3c3ec6ecd2a4cf71 -DREBXGITHASH=9c501de42f69a29f6772076f3c3ec6ecd2a4cf71 -I../../rebound/src -o steppers.o steppers.c
Compiling source file gas_dynamical_friction.c ...
cc -c -std=c99 -Wpointer-arith -D_GNU_SOURCE -O3 -fPIC -Wall -g  -Wno-unknown-pragmas -fPIC -DLIBREBOUNDX -DSERVER -DGITHASH=9c501de42f69a29f6772076f3c3ec6ecd2a4cf71 -DREBXGITHASH=9c501de42f69a29f6772076f3c3ec6ecd2a4cf71 -I../../rebound/src -o gas_dynamical_friction.o gas_dynamical_friction.c
Compiling source file central_force.c ...
cc -c -std=c99 -Wpointer-arith -D_GNU_SOURCE -O3 -fPIC -Wall -g  -Wno-unknown-pragmas -fPIC -DLIBREBOUNDX -DSERVER -DGITHASH=9c501de42f69a29f6772076f3c3ec6ecd2a4cf71 -DREBXGITHASH=9c501de42f69a29f6772076f3c3ec6ecd2a4cf71 -I../../rebound/src -o central_force.o central_force.c
Compiling source file core.c ...
cc -c -std=c99 -Wpointer-arith -D_GNU_SOURCE -O3 -fPIC -Wall -g  -Wno-unknown-pragmas -fPIC -DLIBREBOUNDX -DSERVER -DGITHASH=9c501de42f69a29f6772076f3c3ec6ecd2a4cf71 -DREBXGITHASH=9c501de42f69a29f6772076f3c3ec6ecd2a4cf71 -I../../rebound/src -o core.o core.c
Compiling source file lense_thirring.c ...
cc -c -std=c99 -Wpointer-arith -D_GNU_SOURCE -O3 -fPIC -Wall -g  -Wno-unknown-pragmas -fPIC -DLIBREBOUNDX -DSERVER -DGITHASH=9c501de42f69a29f6772076f3c3ec6ecd2a4cf71 -DREBXGITHASH=9c501de42f69a29f6772076f3c3ec6ecd2a4cf71 -I../../rebound/src -o lense_thirring.o lense_thirring.c
Compiling source file tides_dynamical.c ...
cc -c -std=c99 -Wpointer-arith -D_GNU_SOURCE -O3 -fPIC -Wall -g  -Wno-unknown-pragmas -fPIC -DLIBREBOUNDX -DSERVER -DGITHASH=9c501de42f69a29f6772076f3c3ec6ecd2a4cf71 -DREBXGITHASH=9c501de42f69a29f6772076f3c3ec6ecd2a4cf71 -I../../rebound/src -o tides_dynamical.o tides_dynamical.c
Compiling source file gr.c ...
cc -c -std=c99 -Wpointer-arith -D_GNU_SOURCE -O3 -fPIC -Wall -g  -Wno-unknown-pragmas -fPIC -DLIBREBOUNDX -DSERVER -DGITHASH=9c501de42f69a29f6772076f3c3ec6ecd2a4cf71 -DREBXGITHASH=9c501de42f69a29f6772076f3c3ec6ecd2a4cf71 -I../../rebound/src -o gr.o gr.c
Compiling source file input.c ...
cc -c -std=c99 -Wpointer-arith -D_GNU_SOURCE -O3 -fPIC -Wall -g  -Wno-unknown-pragmas -fPIC -DLIBREBOUNDX -DSERVER -DGITHASH=9c501de42f69a29f6772076f3c3ec6ecd2a4cf71 -DREBXGITHASH=9c501de42f69a29f6772076f3c3ec6ecd2a4cf71 -I../../rebound/src -o input.o input.c
Compiling source file modify_orbits_direct.c ...
cc -c -std=c99 -Wpointer-arith -D_GNU_SOURCE -O3 -fPIC -Wall -g  -Wno-unknown-pragmas -fPIC -DLIBREBOUNDX -DSERVER -DGITHASH=9c501de42f69a29f6772076f3c3ec6ecd2a4cf71 -DREBXGITHASH=9c501de42f69a29f6772076f3c3ec6ecd2a4cf71 -I../../rebound/src -o modify_orbits_direct.o modify_orbits_direct.c
Compiling source file tides_constant_time_lag.c ...
cc -c -std=c99 -Wpointer-arith -D_GNU_SOURCE -O3 -fPIC -Wall -g  -Wno-unknown-pragmas -fPIC -DLIBREBOUNDX -DSERVER -DGITHASH=9c501de42f69a29f6772076f3c3ec6ecd2a4cf71 -DREBXGITHASH=9c501de42f69a29f6772076f3c3ec6ecd2a4cf71 -I../../rebound/src -o tides_constant_time_lag.o tides_constant_time_lag.c
Compiling source file fragmenting_collisions.c ...
cc -c -std=c99 -Wpointer-arith -D_GNU_SOURCE -O3 -fPIC -Wall -g  -Wno-unknown-pragmas -fPIC -DLIBREBOUNDX -DSERVER -DGITHASH=9c501de42f69a29f6772076f3c3ec6ecd2a4cf71 -DREBXGITHASH=9c501de42f69a29f6772076f3c3ec6ecd2a4cf71 -I../../rebound/src -o fragmenting_collisions.o fragmenting_collisions.c
fragmenting_collisions.c: In function ‘make_fragments’:
fragmenting_collisions.c:566:16: warning: unused variable ‘mass_fraction’ [-Wunused-variable]
         double mass_fraction = sim->particles[i].m/initial_mass;
                ^~~~~~~~~~~~~
Compiling source file gr_potential.c ...
cc -c -std=c99 -Wpointer-arith -D_GNU_SOURCE -O3 -fPIC -Wall -g  -Wno-unknown-pragmas -fPIC -DLIBREBOUNDX -DSERVER -DGITHASH=9c501de42f69a29f6772076f3c3ec6ecd2a4cf71 -DREBXGITHASH=9c501de42f69a29f6772076f3c3ec6ecd2a4cf71 -I../../rebound/src -o gr_potential.o gr_potential.c
Compiling source file radiation_forces.c ...
cc -c -std=c99 -Wpointer-arith -D_GNU_SOURCE -O3 -fPIC -Wall -g  -Wno-unknown-pragmas -fPIC -DLIBREBOUNDX -DSERVER -DGITHASH=9c501de42f69a29f6772076f3c3ec6ecd2a4cf71 -DREBXGITHASH=9c501de42f69a29f6772076f3c3ec6ecd2a4cf71 -I../../rebound/src -o radiation_forces.o radiation_forces.c

Linking shared library libreboundx.so ...
cc -std=c99 -Wpointer-arith -D_GNU_SOURCE -O3 -fPIC -Wall -g  -Wno-unknown-pragmas -fPIC -DLIBREBOUNDX -shared linkedlist.o gr_full.o integrator_implicit_midpoint.o rebxtools.o gravitational_harmonics.o gas_damping_timescale.o interpolation.o stochastic_forces.o yarkovsky_effect.o integrator_euler.o integrate_force.o type_I_migration.o integrator_rk4.o modify_orbits_forces.o track_min_distance.o integrator_rk2.o tides_spin.o exponential_migration.o output.o inner_disk_edge.o modify_mass.o merging_collisions.o steppers.o gas_dynamical_friction.o central_force.o core.o lense_thirring.o tides_dynamical.o gr.o input.o modify_orbits_direct.o tides_constant_time_lag.o fragmenting_collisions.o gr_potential.o radiation_forces.o -lm -lrt -lrebound -L../../rebound/src -o libreboundx.so 

The shared library libreboundx.so has been created successfully.
make[1]: Leaving directory '/home/tajer.1/reboundx/src'

Compiling problem file ...
cc -I../..//src/ -I../../../rebound/src/ -Wl,-rpath,./ -std=c99 -Wpointer-arith -D_GNU_SOURCE -O3 -fPIC -Wall -g  -Wno-unknown-pragmas -DSERVER -DGITHASH=9c501de42f69a29f6772076f3c3ec6ecd2a4cf71 problem.c -L. -lreboundx -lrebound -lm -lrt -o rebound

Problem file compiled successfully.

[1mWarning![0m You have to reset function pointers after creating a reb_simulation struct with a binary file.
Found simulationarchive. Loaded snapshot at t=1453.9726027387844169.
Non grazing, lr_mass > M_t. Accretion. (Case 4)
pi_mass = 4.652288e-07, pj_mass = 5.465922e-07
target_mass = 5.465922e-07, proj_mass = 4.652288e-07
sim.t = 1.673110e+03
com.x = 2.969442e-01, com.y = 5.466702e-02, com.z = 1.046218e-03
com.vx = -2.064961e+00, com.vy = 1.125231e+01, com.vz = -4.909054e-02
target.x = 2.969483e-01, target.y = 5.465648e-02, target.z = 1.063421e-03
target.vx = -2.315971e+00, target.vy = 1.177046e+01, target.vz = -2.458004e-01
proj.x = 2.969394e-01, proj.y = 5.467941e-02, proj.z = 1.026006e-03
proj.vx = -1.770051e+00, proj.vy = 1.064353e+01, proj.vz = 1.820217e-01
remaining_mass = 7.716491e-08, initial_mass = 1.011821e-06, lr_mass = 9.346561e-07, slr_mass = 0.000000e+00
slr_mass = 0.000000e+00
remaining_mass = 7.716491e-08m_frags_array[index] = 3.777713e-07, index = 0
sum_m_frags_array = 3.777713e-07

 lr x, y, z = 2.969442e-01 5.466702e-02 1.046218e-03 

 lr vx, vy, vz = -2.064961e+00 1.125231e+01 -4.909054e-02 

 v_lr = 1.144032e+01 and frag_velocity = 3.981568e+01

 frag_1 x, y, z = 2.968492e-01 5.486317e-02 9.717519e-04 

 frag_1 vx, vy, vz = -1.849119e+01 4.516040e+01 -1.292185e+01 
targ_rho = 5.050000e+06, n_frag = 1, n_big_frag = 0
j = 1, r = 1.539383e-05

 lr x, y, z, after adjust = 2.969515e-01 5.465206e-02 1.051897e-03 

 lr vx, vy, vz, after adjust = -8.122403e-01 8.666360e+00 9.326297e-01 

 frag 31 x, y, z = 2.968564e-01 5.484821e-02 9.774309e-04 

 frag 31 vx, vy, vz = -1.723847e+01 4.257446e+01 -1.194013e+01 
